labuser@labuser-virtual-machine:~/test1$ git --version
git version 2.34.1
labuser@labuser-virtual-machine:~/test1$ cd test1
bash: cd: test1: No such file or directory
labuser@labuser-virtual-machine:~/test1$ git init
Reinitialized existing Git repository in /home/labuser/test1/.git/
labuser@labuser-virtual-machine:~/test1$ echo "test1">test1
labuser@labuser-virtual-machine:~/test1$ ls
test1
labuser@labuser-virtual-machine:~/test1$ git status
On branch master
Your branch is ahead of 'origin/master' by 1 commit.
  (use "git push" to publish your local commits)

Changes not staged for commit:
  (use "git add/rm <file>..." to update what will be committed)
  (use "git restore <file>..." to discard changes in working directory)
	deleted:    file1
	deleted:    file2
	modified:   test1

no changes added to commit (use "git add" and/or "git commit -a")
labuser@labuser-virtual-machine:~/test1$ git add .
labuser@labuser-virtual-machine:~/test1$ git commit -m "change1"
[master 79c0f8b] change1
 3 files changed, 1 insertion(+), 3 deletions(-)
 delete mode 100644 file1
 delete mode 100644 file2
labuser@labuser-virtual-machine:~/test1$ git remote add origin https://github.com/kambagowniMalleswari/Malli.git
error: remote origin already exists.
labuser@labuser-virtual-machine:~/test1$ git remote -v
origin	https://github.com/kambagowniMalleswari/Test1.git (fetch)
origin	https://github.com/kambagowniMalleswari/Test1.git (push)
labuser@labuser-virtual-machine:~/test1$ git push -u origin master
Username for 'https://github.com': kambagowniMalleswari
Password for 'https://kambagowniMalleswari@github.com': 
Enumerating objects: 9, done.
Counting objects: 100% (9/9), done.
Delta compression using up to 4 threads
Compressing objects: 100% (3/3), done.
Writing objects: 100% (7/7), 539 bytes | 269.00 KiB/s, done.
Total 7 (delta 0), reused 0 (delta 0), pack-reused 0
To https://github.com/kambagowniMalleswari/Test1.git
   d30b5ea..79c0f8b  master -> master
Branch 'master' set up to track remote branch 'master' from 'origin'.
labuser@labuser-virtual-machine:~/test1$ ls
test1
labuser@labuser-virtual-machine:~/test1$ nano test1
labuser@labuser-virtual-machine:~/test1$ git add .
labuser@labuser-virtual-machine:~/test1$ git commit -m "change2"
[master feda2c0] change2
 1 file changed, 1 insertion(+), 1 deletion(-)
labuser@labuser-virtual-machine:~/test1$ git push -u origin master
Username for 'https://github.com': kambagowniMalleswari
Password for 'https://kambagowniMalleswari@github.com': 
Enumerating objects: 5, done.
Counting objects: 100% (5/5), done.
Writing objects: 100% (3/3), 250 bytes | 250.00 KiB/s, done.
Total 3 (delta 0), reused 0 (delta 0), pack-reused 0
To https://github.com/kambagowniMalleswari/Test1.git
   79c0f8b..feda2c0  master -> master
Branch 'master' set up to track remote branch 'master' from 'origin'.
labuser@labuser-virtual-machine:~/test1$ git branch
  devops1
* master
labuser@labuser-virtual-machine:~/test1$ git branch devops2
labuser@labuser-virtual-machine:~/test1$ git branch
  devops1
  devops2
* master
labuser@labuser-virtual-machine:~/test1$ git checkout devops2
Switched to branch 'devops2'
labuser@labuser-virtual-machine:~/test1$ git branch
  devops1
* devops2
  master
labuser@labuser-virtual-machine:~/test1$ echo "test3">test3
labuser@labuser-virtual-machine:~/test1$ echo "test4">test4
labuser@labuser-virtual-machine:~/test1$ ls -li
total 12
6160442 -rw-rw-r-- 1 labuser labuser 6 Dec 14 03:53 test1
6160468 -rw-rw-r-- 1 labuser labuser 6 Dec 14 03:56 test3
6160988 -rw-rw-r-- 1 labuser labuser 6 Dec 14 03:56 test4
labuser@labuser-virtual-machine:~/test1$ git add .
labuser@labuser-virtual-machine:~/test1$ git commit -m "change5"
[devops2 428096b] change5
 2 files changed, 2 insertions(+)
 create mode 100644 test3
 create mode 100644 test4
labuser@labuser-virtual-machine:~/test1$ git push -u origin devops2
Username for 'https://github.com': kambagowniMalleswari
Password for 'https://kambagowniMalleswari@github.com': 
Enumerating objects: 5, done.
Counting objects: 100% (5/5), done.
Delta compression using up to 4 threads
Compressing objects: 100% (2/2), done.
Writing objects: 100% (4/4), 316 bytes | 316.00 KiB/s, done.
Total 4 (delta 0), reused 0 (delta 0), pack-reused 0
remote: 
remote: Create a pull request for 'devops2' on GitHub by visiting:
remote:      https://github.com/kambagowniMalleswari/Test1/pull/new/devops2
remote: 
To https://github.com/kambagowniMalleswari/Test1.git
 * [new branch]      devops2 -> devops2
Branch 'devops2' set up to track remote branch 'devops2' from 'origin'.
labuser@labuser-virtual-machine:~/test1$ git branch
  devops1
* devops2
  master
labuser@labuser-virtual-machine:~/test1$ git checkout master
Switched to branch 'master'
Your branch is up to date with 'origin/master'.
labuser@labuser-virtual-machine:~/test1$ ls
test1
labuser@labuser-virtual-machine:~/test1$ git merge devops2
Updating feda2c0..428096b
Fast-forward
 test3 | 1 +
 test4 | 1 +
 2 files changed, 2 insertions(+)
 create mode 100644 test3
 create mode 100644 test4
labuser@labuser-virtual-machine:~/test1$ git log -p
commit 428096b8b84467e9ffad7e994adcedd296f10061 (HEAD -> master, origin/devops2, devops2)
Author: David Robichaud <david.robichaud@skillsoft.com>
Date:   Sat Dec 14 03:57:26 2024 -0500

    change5

diff --git a/test3 b/test3
new file mode 100644
index 0000000..df6b0d2
--- /dev/null
+++ b/test3
@@ -0,0 +1 @@
+test3
diff --git a/test4 b/test4
new file mode 100644
index 0000000..d234c5e
--- /dev/null
+++ b/test4
@@ -0,0 +1 @@
+test4

commit feda2c0462ae973ce89605c64ecaec81b1c422c5 (origin/master)
Author: David Robichaud <david.robichaud@skillsoft.com>
Date:   Sat Dec 14 03:54:12 2024 -0500

    change2

diff --git a/test1 b/test1
index a5bce3f..180cf83 100644
--- a/test1
+++ b/test1
@@ -1 +1 @@
-test1
+test2

commit 79c0f8b1dd04fac06d2045380a60681d2887987b
Author: David Robichaud <david.robichaud@skillsoft.com>
Date:   Sat Dec 14 02:38:03 2024 -0500

    change1

diff --git a/file1 b/file1
deleted file mode 100644
index df6b0d2..0000000
--- a/file1
+++ /dev/null
@@ -1 +0,0 @@
-test3
diff --git a/file2 b/file2
deleted file mode 100644
index d234c5e..0000000
--- a/file2
+++ /dev/null
@@ -1 +0,0 @@
-test4
diff --git a/test1 b/test1
index 180cf83..a5bce3f 100644
--- a/test1
+++ b/test1
@@ -1 +1 @@
-test2
+test1

commit e56e25a4e48067a9e6bd525f9986d581eaa60102 (origin/devops1, devops1)
Author: David Robichaud <david.robichaud@skillsoft.com>
Date:   Fri Dec 13 08:23:22 2024 -0500

    change4

diff --git a/file1 b/file1
new file mode 100644
index 0000000..df6b0d2
--- /dev/null
+++ b/file1
@@ -0,0 +1 @@
+test3
diff --git a/file2 b/file2
new file mode 100644
index 0000000..d234c5e
--- /dev/null
+++ b/file2
@@ -0,0 +1 @@
+test4

commit d30b5eaf0593a125215d4f31b4bda6187add6a11
Author: David Robichaud <david.robichaud@skillsoft.com>
Date:   Fri Dec 13 08:11:31 2024 -0500

    change2

diff --git a/test1 b/test1
index a5bce3f..180cf83 100644
--- a/test1
+++ b/test1
@@ -1 +1 @@
-test1
+test2

commit d8c52e73340d99cc11d0707ad6230be3d2d4a8c0
Author: David Robichaud <david.robichaud@skillsoft.com>
Date:   Fri Dec 13 07:42:44 2024 -0500

    change1

diff --git a/test1 b/test1
new file mode 100644
index 0000000..a5bce3f
--- /dev/null
+++ b/test1
@@ -0,0 +1 @@
+test1
labuser@labuser-virtual-machine:~/test1$ git log --oneline
428096b (HEAD -> master, origin/devops2, devops2) change5
feda2c0 (origin/master) change2
79c0f8b change1
e56e25a (origin/devops1, devops1) change4
d30b5ea change2
d8c52e7 change1
labuser@labuser-virtual-machine:~/test1$ cd
labuser@labuser-virtual-machine:~$ git clone https://github.com/kambagowniMalleswari/Test1.git
fatal: destination path 'Test1' already exists and is not an empty directory.
labuser@labuser-virtual-machine:~$ ls
Desktop  dev1  Documents  Downloads  execute.yml  link1  Music  Pictures  Public  repos  snap  Templates  test1  Test1  Videos
labuser@labuser-virtual-machine:~$ ls -li
total 60
6029410 drwxr-xr-x 2 labuser labuser 4096 Sep 12  2023 Desktop
6031712 drwxrwxr-x 3 labuser labuser 4096 Dec 13 08:33 dev1
6029414 drwxr-xr-x 3 labuser labuser 4096 Dec 15  2023 Documents
6029411 drwxr-xr-x 2 labuser labuser 4096 Dec 14 03:42 Downloads
6036475 -rw-rw-r-- 1 labuser labuser   53 Dec 18  2023 execute.yml
6032004 -rw-rw-r-- 1 labuser labuser   41 Dec 14 02:43 link1
6029415 drwxr-xr-x 2 labuser labuser 4096 Sep 12  2023 Music
6029416 drwxr-xr-x 2 labuser labuser 4096 Sep 12  2023 Pictures
6029413 drwxr-xr-x 2 labuser labuser 4096 Sep 12  2023 Public
6030259 drwxrwxr-x 2 labuser labuser 4096 Dec 18  2023 repos
6029322 drwx------ 6 labuser labuser 4096 Dec 15  2023 snap
6029412 drwxr-xr-x 2 labuser labuser 4096 Sep 12  2023 Templates
6161918 drwxrwxr-x 3 labuser labuser 4096 Dec 14 04:00 test1
6030346 drwxrwxr-x 3 labuser labuser 4096 Dec 13 08:30 Test1
6029418 drwxr-xr-x 2 labuser labuser 4096 Sep 12  2023 Videos
labuser@labuser-virtual-machine:~$ rm test1
rm: cannot remove 'test1': Is a directory
labuser@labuser-virtual-machine:~$ remdir test1
Command 'remdir' not found, did you mean:
  command 'redir' from deb redir (3.3-1)
  command 'rmdir' from deb coreutils (8.32-4.1ubuntu1.2)
Try: sudo apt install <deb name>
labuser@labuser-virtual-machine:~$ remdir test1
Command 'remdir' not found, did you mean:
  command 'redir' from deb redir (3.3-1)
  command 'rmdir' from deb coreutils (8.32-4.1ubuntu1.2)
Try: sudo apt install <deb name>
labuser@labuser-virtual-machine:~$ rmdir test1
rmdir: failed to remove 'test1': Directory not empty
labuser@labuser-virtual-machine:~$ cd test1
labuser@labuser-virtual-machine:~/test1$ ls
test1  test3  test4
labuser@labuser-virtual-machine:~/test1$ rm test1
labuser@labuser-virtual-machine:~/test1$ rm teset3
rm: cannot remove 'teset3': No such file or directory
labuser@labuser-virtual-machine:~/test1$ rm test3
labuser@labuser-virtual-machine:~/test1$ rm test4
labuser@labuser-virtual-machine:~/test1$ ls
labuser@labuser-virtual-machine:~/test1$ cd
labuser@labuser-virtual-machine:~$ ls -li
total 60
6029410 drwxr-xr-x 2 labuser labuser 4096 Sep 12  2023 Desktop
6031712 drwxrwxr-x 3 labuser labuser 4096 Dec 13 08:33 dev1
6029414 drwxr-xr-x 3 labuser labuser 4096 Dec 15  2023 Documents
6029411 drwxr-xr-x 2 labuser labuser 4096 Dec 14 03:42 Downloads
6036475 -rw-rw-r-- 1 labuser labuser   53 Dec 18  2023 execute.yml
6032004 -rw-rw-r-- 1 labuser labuser   41 Dec 14 02:43 link1
6029415 drwxr-xr-x 2 labuser labuser 4096 Sep 12  2023 Music
6029416 drwxr-xr-x 2 labuser labuser 4096 Sep 12  2023 Pictures
6029413 drwxr-xr-x 2 labuser labuser 4096 Sep 12  2023 Public
6030259 drwxrwxr-x 2 labuser labuser 4096 Dec 18  2023 repos
6029322 drwx------ 6 labuser labuser 4096 Dec 15  2023 snap
6029412 drwxr-xr-x 2 labuser labuser 4096 Sep 12  2023 Templates
6161918 drwxrwxr-x 3 labuser labuser 4096 Dec 14 04:05 test1
6030346 drwxrwxr-x 3 labuser labuser 4096 Dec 13 08:30 Test1
6029418 drwxr-xr-x 2 labuser labuser 4096 Sep 12  2023 Videos
labuser@labuser-virtual-machine:~$ rm test1
rm: cannot remove 'test1': Is a directory
labuser@labuser-virtual-machine:~$ rmdir test1
rmdir: failed to remove 'test1': Directory not empty
labuser@labuser-virtual-machine:~$ cd test1
labuser@labuser-virtual-machine:~/test1$ ls
labuser@labuser-virtual-machine:~/test1$ ls -li
total 0
labuser@labuser-virtual-machine:~/test1$ cd 
labuser@labuser-virtual-machine:~$ rmdir test1
rmdir: failed to remove 'test1': Directory not empty
labuser@labuser-virtual-machine:~$ rm test1
rm: cannot remove 'test1': Is a directory
labuser@labuser-virtual-machine:~$ ls -li
total 56
6029410 drwxr-xr-x 2 labuser labuser 4096 Sep 12  2023 Desktop
6031712 drwxrwxr-x 3 labuser labuser 4096 Dec 13 08:33 dev1
6029414 drwxr-xr-x 3 labuser labuser 4096 Dec 15  2023 Documents
6029411 drwxr-xr-x 2 labuser labuser 4096 Dec 14 03:42 Downloads
6036475 -rw-rw-r-- 1 labuser labuser   53 Dec 18  2023 execute.yml
6032004 -rw-rw-r-- 1 labuser labuser   41 Dec 14 02:43 link1
6029415 drwxr-xr-x 2 labuser labuser 4096 Sep 12  2023 Music
6029416 drwxr-xr-x 2 labuser labuser 4096 Sep 12  2023 Pictures
6029413 drwxr-xr-x 2 labuser labuser 4096 Sep 12  2023 Public
6030259 drwxrwxr-x 2 labuser labuser 4096 Dec 18  2023 repos
6029322 drwx------ 6 labuser labuser 4096 Dec 15  2023 snap
6029412 drwxr-xr-x 2 labuser labuser 4096 Sep 12  2023 Templates
6030346 drwxrwxr-x 3 labuser labuser 4096 Dec 13 08:30 Test1
6029418 drwxr-xr-x 2 labuser labuser 4096 Sep 12  2023 Videos
labuser@labuser-virtual-machine:~$ git clone https://github.com/kambagowniMalleswari/Test1.git
fatal: destination path 'Test1' already exists and is not an empty directory.
labuser@labuser-virtual-machine:~$ cd Test1
labuser@labuser-virtual-machine:~/Test1$ ls
test1
labuser@labuser-virtual-machine:~/Test1$ rm test1
labuser@labuser-virtual-machine:~/Test1$ ls
labuser@labuser-virtual-machine:~/Test1$ ls -li
total 0
labuser@labuser-virtual-machine:~/Test1$ cd
labuser@labuser-virtual-machine:~$ ls -li
total 56
6029410 drwxr-xr-x 2 labuser labuser 4096 Sep 12  2023 Desktop
6031712 drwxrwxr-x 3 labuser labuser 4096 Dec 13 08:33 dev1
6029414 drwxr-xr-x 3 labuser labuser 4096 Dec 15  2023 Documents
6029411 drwxr-xr-x 2 labuser labuser 4096 Dec 14 03:42 Downloads
6036475 -rw-rw-r-- 1 labuser labuser   53 Dec 18  2023 execute.yml
6032004 -rw-rw-r-- 1 labuser labuser   41 Dec 14 02:43 link1
6029415 drwxr-xr-x 2 labuser labuser 4096 Sep 12  2023 Music
6029416 drwxr-xr-x 2 labuser labuser 4096 Sep 12  2023 Pictures
6029413 drwxr-xr-x 2 labuser labuser 4096 Sep 12  2023 Public
6030259 drwxrwxr-x 2 labuser labuser 4096 Dec 18  2023 repos
6029322 drwx------ 6 labuser labuser 4096 Dec 15  2023 snap
6029412 drwxr-xr-x 2 labuser labuser 4096 Sep 12  2023 Templates
6030346 drwxrwxr-x 3 labuser labuser 4096 Dec 14 04:08 Test1
6029418 drwxr-xr-x 2 labuser labuser 4096 Sep 12  2023 Videos
labuser@labuser-virtual-machine:~$ rmdir Test1
rmdir: failed to remove 'Test1': Directory not empty
labuser@labuser-virtual-machine:~$ rm Test1
rm: cannot remove 'Test1': Is a directory
labuser@labuser-virtual-machine:~$ ls -li
total 52
6029410 drwxr-xr-x 2 labuser labuser 4096 Sep 12  2023 Desktop
6031712 drwxrwxr-x 3 labuser labuser 4096 Dec 13 08:33 dev1
6029414 drwxr-xr-x 3 labuser labuser 4096 Dec 15  2023 Documents
6029411 drwxr-xr-x 2 labuser labuser 4096 Dec 14 03:42 Downloads
6036475 -rw-rw-r-- 1 labuser labuser   53 Dec 18  2023 execute.yml
6032004 -rw-rw-r-- 1 labuser labuser   41 Dec 14 02:43 link1
6029415 drwxr-xr-x 2 labuser labuser 4096 Sep 12  2023 Music
6029416 drwxr-xr-x 2 labuser labuser 4096 Sep 12  2023 Pictures
6029413 drwxr-xr-x 2 labuser labuser 4096 Sep 12  2023 Public
6030259 drwxrwxr-x 2 labuser labuser 4096 Dec 18  2023 repos
6029322 drwx------ 6 labuser labuser 4096 Dec 15  2023 snap
6029412 drwxr-xr-x 2 labuser labuser 4096 Sep 12  2023 Templates
6029418 drwxr-xr-x 2 labuser labuser 4096 Sep 12  2023 Videos
labuser@labuser-virtual-machine:~$ git clone https://github.com/kambagowniMalleswari/Test1.git
Cloning into 'Test1'...
remote: Enumerating objects: 14, done.
remote: Counting objects: 100% (14/14), done.
remote: Compressing objects: 100% (8/8), done.
remote: Total 14 (delta 2), reused 12 (delta 0), pack-reused 0 (from 0)
Receiving objects: 100% (14/14), done.
Resolving deltas: 100% (2/2), done.
labuser@labuser-virtual-machine:~$ ls -li
total 56
6029410 drwxr-xr-x 2 labuser labuser 4096 Sep 12  2023 Desktop
6031712 drwxrwxr-x 3 labuser labuser 4096 Dec 13 08:33 dev1
6029414 drwxr-xr-x 3 labuser labuser 4096 Dec 15  2023 Documents
6029411 drwxr-xr-x 2 labuser labuser 4096 Dec 14 03:42 Downloads
6036475 -rw-rw-r-- 1 labuser labuser   53 Dec 18  2023 execute.yml
6032004 -rw-rw-r-- 1 labuser labuser   41 Dec 14 02:43 link1
6029415 drwxr-xr-x 2 labuser labuser 4096 Sep 12  2023 Music
6029416 drwxr-xr-x 2 labuser labuser 4096 Sep 12  2023 Pictures
6029413 drwxr-xr-x 2 labuser labuser 4096 Sep 12  2023 Public
6030259 drwxrwxr-x 2 labuser labuser 4096 Dec 18  2023 repos
6029322 drwx------ 6 labuser labuser 4096 Dec 15  2023 snap
6029412 drwxr-xr-x 2 labuser labuser 4096 Sep 12  2023 Templates
6031897 drwxrwxr-x 3 labuser labuser 4096 Dec 14 04:09 Test1
6029418 drwxr-xr-x 2 labuser labuser 4096 Sep 12  2023 Videos
labuser@labuser-virtual-machine:~$ cd Test1
labuser@labuser-virtual-machine:~/Test1$ ls
test1
labuser@labuser-virtual-machine:~/Test1$ cd
labuser@labuser-virtual-machine:~$ mkdir dev1
labuser@labuser-virtual-machine:~$ cd dev1
labuser@labuser-virtual-machine:~/dev1$ git pull https://github.com/kambagowniMalleswari/Test1.git
fatal: not a git repository (or any of the parent directories): .git
labuser@labuser-virtual-machine:~/dev1$ git pull https://github.com/kambagowniMalleswari/Test1.git
fatal: not a git repository (or any of the parent directories): .git
labuser@labuser-virtual-machine:~/dev1$ git pull https://github.com/kambagowniMalleswari/Test1.git
fatal: not a git repository (or any of the parent directories): .git
labuser@labuser-virtual-machine:~/dev1$ git init .
hint: Using 'master' as the name for the initial branch. This default branch name
hint: is subject to change. To configure the initial branch name to use in all
hint: of your new repositories, which will suppress this warning, call:
hint: 
hint: 	git config --global init.defaultBranch <name>
hint: 
hint: Names commonly chosen instead of 'master' are 'main', 'trunk' and
hint: 'development'. The just-created branch can be renamed via this command:
hint: 
hint: 	git branch -m <name>
Initialized empty Git repository in /home/labuser/dev1/.git/
labuser@labuser-virtual-machine:~/dev1$ git remote -v
labuser@labuser-virtual-machine:~/dev1$ git pull https://github.com/kambagowniMalleswari/Test1.git
remote: Enumerating objects: 12, done.
remote: Counting objects: 100% (12/12), done.
remote: Compressing objects: 100% (6/6), done.
remote: Total 12 (delta 2), reused 10 (delta 0), pack-reused 0 (from 0)
Unpacking objects: 100% (12/12), 878 bytes | 175.00 KiB/s, done.
From https://github.com/kambagowniMalleswari/Test1
 * branch            HEAD       -> FETCH_HEAD
labuser@labuser-virtual-machine:~/dev1$ git branch
* master
labuser@labuser-virtual-machine:~/dev1$ git branch m2
labuser@labuser-virtual-machine:~/dev1$ git checkout m2
Switched to branch 'm2'
labuser@labuser-virtual-machine:~/dev1$ git branch
* m2
  master
labuser@labuser-virtual-machine:~/dev1$ echo "Mango">Fruits
labuser@labuser-virtual-machine:~/dev1$ ls
Fruits  test1
labuser@labuser-virtual-machine:~/dev1$ git checkout m1
error: pathspec 'm1' did not match any file(s) known to git
labuser@labuser-virtual-machine:~/dev1$ git checkout m2
Already on 'm2'
labuser@labuser-virtual-machine:~/dev1$ git checkout master
Switched to branch 'master'
labuser@labuser-virtual-machine:~/dev1$ ls
Fruits  test1
labuser@labuser-virtual-machine:~/dev1$ git checkout m2
Switched to branch 'm2'
labuser@labuser-virtual-machine:~/dev1$ ls
Fruits  test1
labuser@labuser-virtual-machine:~/dev1$ git rebase master
Current branch m2 is up to date.
